mysql> use suresh;
Database changed
mysql> show tables;
+------------------+
| Tables_in_suresh |
+------------------+
| course           |
| mentees          |
| student          |
+------------------+
3 rows in set (0.00 sec)

mysql> select*from mentess;
ERROR 1146 (42S02): Table 'suresh.mentess' doesn't exist
mysql> select*from mentees;
+-------+--------+---------+------------+-------+-------+---------+
| regno | name   | dept    | fathername | phno  | marks | subject |
+-------+--------+---------+------------+-------+-------+---------+
|  2346 | kumar  | cse     | suresh     | 98781 |    98 | dbms    |
|  2367 | rakesh | cse     | suresh     | 98791 |  NULL | FOC     |
|  2345 | ramesh | cse     | suresh     |  9834 |    92 | python  |
|  2370 | rajiv  | biotech | ramesh     | 99372 |    99 | pdsd    |
+-------+--------+---------+------------+-------+-------+---------+
4 rows in set (0.01 sec)

mysql> select*from mentees order by name;
+-------+--------+---------+------------+-------+-------+---------+
| regno | name   | dept    | fathername | phno  | marks | subject |
+-------+--------+---------+------------+-------+-------+---------+
|  2346 | kumar  | cse     | suresh     | 98781 |    98 | dbms    |
|  2370 | rajiv  | biotech | ramesh     | 99372 |    99 | pdsd    |
|  2367 | rakesh | cse     | suresh     | 98791 |  NULL | FOC     |
|  2345 | ramesh | cse     | suresh     |  9834 |    92 | python  |
+-------+--------+---------+------------+-------+-------+---------+
4 rows in set (0.02 sec)

mysql> select*from mentees group by marks;
+-------+--------+---------+------------+-------+-------+---------+
| regno | name   | dept    | fathername | phno  | marks | subject |
+-------+--------+---------+------------+-------+-------+---------+
|  2367 | rakesh | cse     | suresh     | 98791 |  NULL | FOC     |
|  2345 | ramesh | cse     | suresh     |  9834 |    92 | python  |
|  2346 | kumar  | cse     | suresh     | 98781 |    98 | dbms    |
|  2370 | rajiv  | biotech | ramesh     | 99372 |    99 | pdsd    |
+-------+--------+---------+------------+-------+-------+---------+
4 rows in set (0.01 sec)

mysql> select*from mentees having marks>93;
+-------+-------+---------+------------+-------+-------+---------+
| regno | name  | dept    | fathername | phno  | marks | subject |
+-------+-------+---------+------------+-------+-------+---------+
|  2346 | kumar | cse     | suresh     | 98781 |    98 | dbms    |
|  2370 | rajiv | biotech | ramesh     | 99372 |    99 | pdsd    |
+-------+-------+---------+------------+-------+-------+---------+
2 rows in set (0.01 sec)
